// Jest Snapshot v1, https://goo.gl/fbAQLP

exports[`task card should render task card 1`] = `
<div
  class="card"
>
  <textarea
    class="cardTitle"
    name="taskTitle"
    placeholder="Title..."
  />
  <div
    class="cardContent"
    data-testid="card-content"
  >
    Card content Card content Card content Card content Card content Card content Card content
  </div>
  <div
    class="cardAction"
  >
    <button
      class="ant-btn css-dev-only-do-not-override-acm2ia ant-btn-default ant-btn-block"
      type="button"
    >
      <span>
        Add Task
      </span>
    </button>
  </div>
</div>
`;
